Auto-detected round: 25

############################################################
  LINE MOVEMENT PIPELINE — NRL R25 2026
  Started: 2026-08-11 16:05:00
############################################################

============================================================
  STEP: Scrape NRL ladder
============================================================


  WARNING: Scrape NRL ladder exited with code 1

============================================================
  STEP: Scrape NRL team lists
============================================================


  WARNING: Scrape NRL team lists exited with code 1

============================================================
  STEP: Predict NRL R25 line movements
============================================================


  WARNING: Predict NRL R25 line movements exited with code 1

############################################################
  PIPELINE FINISHED WITH WARNINGS — NRL R25
  Finished: 2026-08-11 16:05:01
############################################################

