Saved /Users/elliotbladen/BetMate/BettingEngine/data/line_movement/availability/afl_r24_2026-08-17_monday.json: 143 projected player absences

======================================================================
  LINE MOVEMENT PREDICTOR — AFL R24 2026
======================================================================

Loading data...
  ELO data: 18 teams
  Historical matchups: 108 pairs
  Team lists: 18 teams with ins/outs
  Verified injury records: 143
  Projected availability: 143 players
  Ladder: 18 teams
  Fixture: 9 games

Game                                               Shortens                    Conf    Totals
-----------------------------------------------------------------------------------------------
  Saints vs Suns                                   Suns                         18%      EVEN
  Magpies vs Lions                                 Lions                        33%      EVEN
  Blues vs Dockers                                 Dockers                      49%      EVEN
  Demons vs Bulldogs                               Demons                       13%      EVEN
  Cats vs Tigers                                   Cats                         74%      EVEN
  Crows vs Giants                                  Crows                        60%      EVEN
  Bombers vs Power                                 Bombers                      11%      EVEN
  Swans vs Kangaroos                               Swans                        39%      EVEN
  Eagles vs Hawks                                  Hawks                        92%      EVEN

Feature breakdown:
  Game                            Injury     ELO  Finals    Hist  Public    Form   Venue   TOTAL
  ------------------------------------------------------------------------------
  Saints v Suns                  -0.605 +0.110 +0.000 +0.000 +0.000 +0.069 +0.000 -0.1223
  Magpies v Lions                -0.673 -0.199 -0.200 +0.000 +0.300 -0.124 +0.000 -0.2204
  Blues v Dockers                -0.503 -0.642 -0.400 +0.000 +0.300 -0.402 +0.000 -0.3245
  Demons v Bulldogs              +0.263 -0.085 +0.300 +0.000 +0.000 -0.053 +0.000 +0.0885
  Cats v Tigers                  +0.682 +1.000 +0.600 +0.000 -0.300 +0.500 +0.300 +0.4954
  Crows v Giants                 +1.000 +0.225 +0.600 +0.000 +0.000 +0.141 +0.000 +0.3992
  Bombers v Power                +0.653 -0.467 +0.000 +0.000 +0.300 -0.292 +0.000 +0.0708
  Swans v Kangaroos              -0.047 +0.698 +0.600 +0.000 +0.000 +0.436 +0.000 +0.2615
  Eagles v Hawks                 -1.000 -0.973 -0.600 +0.000 -0.300 -0.500 +0.000 -0.6145

Predictions saved: /Users/elliotbladen/BetMate/BettingEngine/data/line_movement/predictions/afl_r24_2026-08-17_monday.json
Latest pointer: /Users/elliotbladen/BetMate/BettingEngine/data/line_movement/predictions/afl_latest.json
Auto-detected round: 24

############################################################
  LINE MOVEMENT PIPELINE — AFL R24 2026
  Started: 2026-08-17 08:20:00
############################################################

============================================================
  STEP: Build AFL projected availability
============================================================


============================================================
  STEP: Predict AFL R24 line movements
============================================================


############################################################
  PIPELINE COMPLETE — AFL R24
  Finished: 2026-08-17 08:20:02
############################################################

Saved /Users/elliotbladen/BetMate/BettingEngine/data/line_movement/availability/afl_r24_2026-08-17_monday.json: 143 projected player absences

======================================================================
  LINE MOVEMENT PREDICTOR — AFL R24 2026
======================================================================

Loading data...
  ELO data: 18 teams
  Historical matchups: 109 pairs
  Team lists: 18 teams with ins/outs
  Verified injury records: 143
  Projected availability: 143 players
  Ladder: 18 teams
  Fixture: 8 games

Game                                               Shortens                    Conf    Totals
-----------------------------------------------------------------------------------------------
  Saints vs Suns                                   Suns                         22%      EVEN
  Magpies vs Lions                                 Lions                        33%      EVEN
  Blues vs Dockers                                 Dockers                      40%      EVEN
  Demons vs Bulldogs                               Demons                       21%      EVEN
  Cats vs Tigers                                   Cats                         74%      EVEN
  Crows vs Giants                                  Crows                        60%      EVEN
  Bombers vs Power                                 Bombers                      12%      EVEN
  Eagles vs Hawks                                  Hawks                        92%      EVEN

Feature breakdown:
  Game                            Injury     ELO  Finals    Hist  Public    Form   Venue   TOTAL
  ------------------------------------------------------------------------------
  Saints v Suns                  -0.605 +0.009 +0.000 +0.000 +0.000 +0.006 +0.000 -0.1489
  Magpies v Lions                -0.673 -0.190 -0.200 +0.000 +0.300 -0.119 +0.000 -0.2183
  Blues v Dockers                -0.503 -0.433 -0.400 +0.000 +0.300 -0.271 +0.000 -0.2695
  Demons v Bulldogs              +0.263 +0.116 +0.300 +0.000 +0.000 +0.072 +0.000 +0.1412
  Cats v Tigers                  +0.682 +1.000 +0.600 +0.000 -0.300 +0.500 +0.300 +0.4954
  Crows v Giants                 +1.000 +0.233 +0.600 +0.000 +0.000 +0.146 +0.000 +0.4013
  Bombers v Power                +0.653 -0.428 +0.000 +0.000 +0.300 -0.268 +0.000 +0.0809
  Eagles v Hawks                 -1.000 -0.970 -0.600 +0.000 -0.300 -0.500 +0.000 -0.6141

Predictions saved: /Users/elliotbladen/BetMate/BettingEngine/data/line_movement/predictions/afl_r24_2026-08-17_monday.json
Latest pointer: /Users/elliotbladen/BetMate/BettingEngine/data/line_movement/predictions/afl_latest.json
Auto-detected round: 24

############################################################
  LINE MOVEMENT PIPELINE — AFL R24 2026
  Started: 2026-08-17 13:20:00
############################################################

============================================================
  STEP: Build AFL projected availability
============================================================


============================================================
  STEP: Predict AFL R24 line movements
============================================================


############################################################
  PIPELINE COMPLETE — AFL R24
  Finished: 2026-08-17 13:20:04
############################################################

Saved /Users/elliotbladen/BetMate/BettingEngine/data/line_movement/availability/afl_r24_2026-08-24_monday.json: 153 projected player absences

======================================================================
  LINE MOVEMENT PREDICTOR — AFL R24 2026
======================================================================

Loading data...
ERROR: No fixture found for AFL R24 2026
Auto-detected round: 24

############################################################
  LINE MOVEMENT PIPELINE — AFL R24 2026
  Started: 2026-08-24 08:20:00
############################################################

============================================================
  STEP: Build AFL projected availability
============================================================


============================================================
  STEP: Predict AFL R24 line movements
============================================================


  WARNING: Predict AFL R24 line movements exited with code 1

############################################################
  PIPELINE FINISHED WITH WARNINGS — AFL R24
  Finished: 2026-08-24 08:20:04
############################################################

Saved /Users/elliotbladen/BetMate/BettingEngine/data/line_movement/availability/afl_r24_2026-08-25_monday.json: 153 projected player absences

======================================================================
  LINE MOVEMENT PREDICTOR — AFL R24 2026
======================================================================

Loading data...
ERROR: No fixture found for AFL R24 2026
Auto-detected round: 24

############################################################
  LINE MOVEMENT PIPELINE — AFL R24 2026
  Started: 2026-08-25 18:09:05
############################################################

============================================================
  STEP: Build AFL projected availability
============================================================


============================================================
  STEP: Predict AFL R24 line movements
============================================================


  WARNING: Predict AFL R24 line movements exited with code 1

############################################################
  PIPELINE FINISHED WITH WARNINGS — AFL R24
  Finished: 2026-08-25 18:09:15
############################################################

