Saved /Users/elliotbladen/BetMate/BettingEngine/data/line_movement/availability/nrl_r25_2026-08-17_monday.json: 79 projected player absences

======================================================================
  LINE MOVEMENT PREDICTOR — NRL R25 2026
======================================================================

Loading data...
  ELO data: 17 teams
  Historical matchups: 136 pairs
  Team lists: 16 teams with ins/outs
  Verified injury records: 0
  Projected availability: 79 players
  Ladder: 17 teams
  Fixture: 8 games

Game                                               Shortens                    Conf    Totals
-----------------------------------------------------------------------------------------------
  Storm vs Panthers                                Panthers                     52%      EVEN
  Raiders vs Broncos                               Raiders                      16%     OVERS
  Dolphins vs Eels                                 Dolphins                      3%      EVEN
  Knights vs Eagles                                Knights                      43%     OVERS
  Rabbitohs vs Warriors                            Warriors                     40%    UNDERS
  Dragons vs Bulldogs                              Bulldogs                     27%     OVERS
  Titans vs Sharks                                 Sharks                       47%    UNDERS
  Roosters vs Tigers                               Roosters                     25%      EVEN

Feature breakdown:
  Game                            Injury     ELO  Finals    Hist  Public    Form   Venue   TOTAL
  ------------------------------------------------------------------------------
  Storm v Panthers               -0.514 -0.175 -0.400 -0.667 -0.300 -0.109 +0.300 -0.3494
  Raiders v Broncos              +0.447 +0.093 +0.000 +0.000 -0.300 +0.058 +0.000 +0.1063
  Dolphins v Eels                +0.113 +0.199 +0.600 -1.000 +0.000 +0.124 +0.000 +0.0203
  Knights v Eagles               +0.268 +0.123 +0.600 +0.667 +0.000 +0.077 +0.000 +0.2892
  Rabbitohs v Warriors           -0.364 -0.091 -0.200 -1.000 +0.300 -0.057 +0.000 -0.2649
  Dragons v Bulldogs             -0.274 -0.203 -0.600 +0.400 -0.300 -0.127 +0.000 -0.1818
  Titans v Sharks                -0.359 -0.218 -0.600 -0.500 +0.000 -0.136 +0.000 -0.3118
  Roosters v Tigers              -0.114 +0.289 +0.600 +0.000 +0.300 +0.181 +0.000 +0.1676

Predictions saved: /Users/elliotbladen/BetMate/BettingEngine/data/line_movement/predictions/nrl_r25_2026-08-17_monday.json
Latest pointer: /Users/elliotbladen/BetMate/BettingEngine/data/line_movement/predictions/nrl_latest.json
Auto-detected round: 25

############################################################
  LINE MOVEMENT PIPELINE — NRL R25 2026
  Started: 2026-08-17 08:15:00
############################################################

============================================================
  STEP: Build NRL projected availability
============================================================


============================================================
  STEP: Predict NRL R25 line movements
============================================================


############################################################
  PIPELINE COMPLETE — NRL R25
  Finished: 2026-08-17 08:15:02
############################################################

Saved /Users/elliotbladen/BetMate/BettingEngine/data/line_movement/availability/nrl_r25_2026-08-17_monday.json: 79 projected player absences

======================================================================
  LINE MOVEMENT PREDICTOR — NRL R25 2026
======================================================================

Loading data...
  ELO data: 17 teams
  Historical matchups: 136 pairs
  Team lists: 16 teams with ins/outs
  Verified injury records: 0
  Projected availability: 79 players
  Ladder: 17 teams
  Fixture: 8 games

Game                                               Shortens                    Conf    Totals
-----------------------------------------------------------------------------------------------
  Storm vs Panthers                                Panthers                     52%      EVEN
  Raiders vs Broncos                               Raiders                      17%     OVERS
  Dolphins vs Eels                                 Dolphins                      3%      EVEN
  Knights vs Eagles                                Knights                      45%     OVERS
  Rabbitohs vs Warriors                            Warriors                     40%    UNDERS
  Dragons vs Bulldogs                              Bulldogs                     26%     OVERS
  Titans vs Sharks                                 Sharks                       46%    UNDERS
  Roosters vs Tigers                               Roosters                     27%      EVEN

Feature breakdown:
  Game                            Injury     ELO  Finals    Hist  Public    Form   Venue   TOTAL
  ------------------------------------------------------------------------------
  Storm v Panthers               -0.514 -0.156 -0.400 -0.667 -0.300 -0.097 +0.300 -0.3444
  Raiders v Broncos              +0.447 +0.131 +0.000 +0.000 -0.300 +0.082 +0.000 +0.1161
  Dolphins v Eels                +0.113 +0.190 +0.600 -1.000 +0.000 +0.119 +0.000 +0.0181
  Knights v Eagles               +0.268 +0.153 +0.600 +0.667 +0.000 +0.096 +0.000 +0.2972
  Rabbitohs v Warriors           -0.364 -0.085 -0.200 -1.000 +0.300 -0.053 +0.000 -0.2632
  Dragons v Bulldogs             -0.274 -0.162 -0.600 +0.400 -0.300 -0.101 +0.000 -0.1709
  Titans v Sharks                -0.359 -0.209 -0.600 -0.500 +0.000 -0.130 +0.000 -0.3094
  Roosters v Tigers              -0.114 +0.330 +0.600 +0.000 +0.300 +0.206 +0.000 +0.1783

Predictions saved: /Users/elliotbladen/BetMate/BettingEngine/data/line_movement/predictions/nrl_r25_2026-08-17_monday.json
Latest pointer: /Users/elliotbladen/BetMate/BettingEngine/data/line_movement/predictions/nrl_latest.json
Auto-detected round: 25

############################################################
  LINE MOVEMENT PIPELINE — NRL R25 2026
  Started: 2026-08-17 13:15:00
############################################################

============================================================
  STEP: Build NRL projected availability
============================================================


============================================================
  STEP: Predict NRL R25 line movements
============================================================


############################################################
  PIPELINE COMPLETE — NRL R25
  Finished: 2026-08-17 13:15:02
############################################################

ERROR: Could not auto-detect round for NRL 2026
ERROR: Could not auto-detect round for NRL 2026
