
================================================================================
  SCORING — AFL R24 2026
================================================================================

Game                                     Predicted       Actual            Result           Totals
-----------------------------------------------------------------------------------------------
  Saints vs Suns                           NO MATCH       
  Magpies vs Lions                          NO MATCH       
  Blues vs Dockers                        NO MATCH       
  Demons vs Bulldogs                       NO MATCH       
  Cats vs Tigers                         NO MATCH       
  Crows vs Giants                         NO MATCH       
  Bombers vs Power                          NO MATCH       
  Eagles vs Hawks                          NO MATCH       

================================================================================
  SHORTENING: 0/0 correct (0.0%)  |  Target: 66%
  TOTALS:     0/0 correct (0.0%)
================================================================================

Results saved: /Users/elliotbladen/BetMate/BettingEngine/data/line_movement/results/afl_r24_2026-08-18.json
Auto-detected round: 24

############################################################
  LINE MOVEMENT PIPELINE — AFL R24 2026
  Started: 2026-08-18 10:00:00
############################################################

============================================================
  STEP: Score AFL R24 predictions
============================================================


================================================================================
  SCORING — AFL R24 2026
================================================================================

Game                                     Predicted       Actual            Result           Totals
-----------------------------------------------------------------------------------------------
  Magpies vs Lions                          NO MATCH       
  Blues vs Dockers                        NO MATCH       
  Demons vs Bulldogs                       NO MATCH       
  Cats vs Tigers                         NO MATCH       
  Crows vs Giants                         NO MATCH       
  Bombers vs Power                          NO MATCH       
  Swans vs Kangaroos                      NO MATCH       
  Eagles vs Hawks                          NO MATCH       

================================================================================
  SHORTENING: 0/0 correct (0.0%)  |  Target: 66%
  TOTALS:     0/0 correct (0.0%)
================================================================================

Results saved: /Users/elliotbladen/BetMate/BettingEngine/data/line_movement/results/afl_r24_2026-08-25.json
Auto-detected round: 24

############################################################
  LINE MOVEMENT PIPELINE — AFL R24 2026
  Started: 2026-08-25 18:09:05
############################################################

============================================================
  STEP: Score AFL R24 predictions
============================================================

